host    : x1001c2s0b0n1
started : 2026-08-05T12:39:55-06:00

==================================================================
>>> scripts/00_build_registry.py    2026-08-05T12:39:55-06:00
==================================================================
/kfs2/projects/reedsweto/bfuchs/Demand_Response/neue_diagnostics/scripts/00_build_registry.py:68: UserWarning: pjm: 1 case(s) disagree with cases.csv
  recon = registry.reconcile_with_cases_csv(cfg, system, df)

=== pjm ===
  scanning /projects/reedsweto/ssundar/FY26_largeloads_DR/dr_sweep_results/pjm_neue1/results
  excluded (config): ['baseline_zero_dr']
  69 cases
  ref_base       = baseline
  ref_high_nodr  = baseline_with_load_added
  curve families:
    shed_16h_all         mode=shed   n=11  avail_et=[6,7,8,9,10,11,12,13,14,15,16,17,18,19,20,21]
    shed_1h_timeseries   mode=shed   n= 1  avail_et=[]
    shed_4h_all          mode=shed   n=11  avail_et=[16,17,18,19]
    shed_8h_all          mode=shed   n=11  avail_et=[12,13,14,15,16,17,18,19]
    shift_16h_all        mode=shift  n=11  avail_et=[]
    shift_4h_all         mode=shift  n=11  avail_et=[]
    shift_8h_all         mode=shift  n=11  avail_et=[]
  1 case(s) with notes:
    shed_1h_timeseries: filename did not parse; relying on /dr_config alone
  cases.csv reconciliation: 68/69 match
    MISMATCH shed_1h_timeseries: registry=5.960335681366163 cases_csv=nan

=== ercot ===
  scanning /projects/reedsweto/ssundar/FY26_largeloads_DR/dr_sweep_results/ercot_neue1/results
  24 cases
  ref_base       = baseline
  ref_high_nodr  = baseline_with_load_added
  curve families:
    shift_4h_all         mode=shift  n=11  avail_et=[]
    shift_8h_all         mode=shift  n=11  avail_et=[]
  cases.csv reconciliation: 24/24 match

wrote /kfs2/projects/reedsweto/bfuchs/Demand_Response/neue_diagnostics/cache/registry.csv  (93 rows)

==================================================================
>>> scripts/01_extract_eue.py    2026-08-05T12:40:04-06:00
==================================================================

=== pjm ===
  TIME WARNING: 672 h (0.51%) where positional weather year != timestamp calendar year -- BENIGN: 96 leap hours are present while weather years are forced to 8760 h, so block boundaries drift ~1 day earlier per leap year. All affected hours are at year boundaries (months [12]). Use `weather_year` to align with ReEDS' positional convention and `calendar_year`/`month` for meteorological framing
  baseline                     nnz=   1884  EUE=  16,476.7 MWh  DR=       0.0 MWh
  baseline_with_load_added     nnz=   7855  EUE=1,003,699.9 MWh  DR=       0.0 MWh
  shed_16h_all_0.05            nnz=  11169  EUE= 879,821.1 MWh  DR= 128,216.3 MWh
  shed_16h_all_0.10            nnz=  10940  EUE= 775,536.9 MWh  DR= 232,495.5 MWh
  shed_16h_all_0.20            nnz=  10390  EUE= 623,402.9 MWh  DR= 384,844.4 MWh
  shed_16h_all_0.30            nnz=   9939  EUE= 523,987.2 MWh  DR= 484,252.3 MWh
  shed_16h_all_0.40            nnz=   9611  EUE= 459,043.1 MWh  DR= 549,410.7 MWh
  shed_16h_all_0.50            nnz=   9321  EUE= 416,577.5 MWh  DR= 591,857.3 MWh
  shed_16h_all_0.60            nnz=   9056  EUE= 388,699.4 MWh  DR= 619,788.2 MWh
  shed_16h_all_0.70            nnz=   8987  EUE= 370,525.4 MWh  DR= 637,979.5 MWh
  shed_16h_all_0.80            nnz=   8774  EUE= 358,515.4 MWh  DR= 650,004.0 MWh
  shed_16h_all_0.90            nnz=   8598  EUE= 350,846.1 MWh  DR= 657,668.0 MWh
  shed_16h_all_1.00            nnz=   8481  EUE= 346,191.2 MWh  DR= 662,326.6 MWh
  shed_1h_timeseries           nnz=   9017  EUE=  99,982.3 MWh  DR= 907,976.1 MWh
  shed_4h_all_0.05             nnz=   8496  EUE= 994,440.1 MWh  DR=  13,613.6 MWh
  shed_4h_all_0.10             nnz=   8466  EUE= 982,235.1 MWh  DR=  25,808.9 MWh
  shed_4h_all_0.20             nnz=   8380  EUE= 961,171.1 MWh  DR=  46,822.2 MWh
  shed_4h_all_0.30             nnz=   8312  EUE= 944,187.1 MWh  DR=  63,787.4 MWh
  shed_4h_all_0.40             nnz=   8272  EUE= 930,714.4 MWh  DR=  77,358.7 MWh
  shed_4h_all_0.50             nnz=   8235  EUE= 920,197.3 MWh  DR=  87,851.7 MWh
  shed_4h_all_0.60             nnz=   8210  EUE= 912,197.5 MWh  DR=  95,850.7 MWh
  shed_4h_all_0.70             nnz=   8182  EUE= 906,507.4 MWh  DR= 101,534.5 MWh
  shed_4h_all_0.80             nnz=   8165  EUE= 902,809.9 MWh  DR= 105,237.7 MWh
  shed_4h_all_0.90             nnz=   8137  EUE= 900,546.6 MWh  DR= 107,495.3 MWh
  shed_4h_all_1.00             nnz=   8105  EUE= 899,230.4 MWh  DR= 108,813.2 MWh
  shed_8h_all_0.05             nnz=  10773  EUE= 888,672.6 MWh  DR= 119,361.9 MWh
  shed_8h_all_0.10             nnz=  10580  EUE= 792,136.9 MWh  DR= 215,887.9 MWh
  shed_8h_all_0.20             nnz=  10088  EUE= 652,971.2 MWh  DR= 355,207.3 MWh
  shed_8h_all_0.30             nnz=   9678  EUE= 563,421.1 MWh  DR= 444,743.8 MWh
  shed_8h_all_0.40             nnz=   9373  EUE= 505,861.8 MWh  DR= 502,489.6 MWh
  shed_8h_all_0.50             nnz=   9125  EUE= 468,817.2 MWh  DR= 539,513.9 MWh
  shed_8h_all_0.60             nnz=   8886  EUE= 444,906.8 MWh  DR= 563,478.4 MWh
  shed_8h_all_0.70             nnz=   8833  EUE= 429,566.8 MWh  DR= 578,828.6 MWh
  shed_8h_all_0.80             nnz=   8639  EUE= 419,474.3 MWh  DR= 588,937.6 MWh
  shed_8h_all_0.90             nnz=   8485  EUE= 412,868.6 MWh  DR= 595,541.0 MWh
  shed_8h_all_1.00             nnz=   8382  EUE= 408,744.5 MWh  DR= 599,669.6 MWh
  shift_16h_all_0.05           nnz=  19139  EUE= 891,368.4 MWh  DR= 673,446.0 MWh
  shift_16h_all_0.10           nnz=  19085  EUE= 798,340.0 MWh  DR=1,290,419.8 MWh
  shift_16h_all_0.20           nnz=  18609  EUE= 666,425.8 MWh  DR=2,350,237.2 MWh
  shift_16h_all_0.30           nnz=  18055  EUE= 583,173.6 MWh  DR=3,193,995.0 MWh
  shift_16h_all_0.40           nnz=  17654  EUE= 530,923.2 MWh  DR=3,860,930.8 MWh
  shift_16h_all_0.50           nnz=  17263  EUE= 498,714.4 MWh  DR=4,390,333.0 MWh
  shift_16h_all_0.60           nnz=  16878  EUE= 478,864.3 MWh  DR=4,821,145.0 MWh
  shift_16h_all_0.70           nnz=  16522  EUE= 466,569.9 MWh  DR=5,170,251.0 MWh
  shift_16h_all_0.80           nnz=  16110  EUE= 457,698.7 MWh  DR=5,457,437.0 MWh
  shift_16h_all_0.90           nnz=  15745  EUE= 450,886.5 MWh  DR=5,685,192.5 MWh
  shift_16h_all_1.00           nnz=  15438  EUE= 445,843.0 MWh  DR=5,855,986.0 MWh
  shift_4h_all_0.05            nnz=  15534  EUE= 920,291.9 MWh  DR= 326,487.8 MWh
  shift_4h_all_0.10            nnz=  15423  EUE= 852,229.3 MWh  DR= 616,030.9 MWh
  shift_4h_all_0.20            nnz=  14873  EUE= 762,713.1 MWh  DR=1,083,463.5 MWh
  shift_4h_all_0.30            nnz=  14342  EUE= 714,940.2 MWh  DR=1,418,789.1 MWh
  shift_4h_all_0.40            nnz=  13899  EUE= 689,872.1 MWh  DR=1,651,984.6 MWh
  shift_4h_all_0.50            nnz=  13441  EUE= 677,448.2 MWh  DR=1,813,328.6 MWh
  shift_4h_all_0.60            nnz=  12968  EUE= 671,020.6 MWh  DR=1,928,063.2 MWh
  shift_4h_all_0.70            nnz=  12553  EUE= 667,723.2 MWh  DR=2,011,698.1 MWh
  shift_4h_all_0.80            nnz=  12212  EUE= 666,311.1 MWh  DR=2,076,767.2 MWh
  shift_4h_all_0.90            nnz=  11860  EUE= 665,596.2 MWh  DR=2,125,637.8 MWh
  shift_4h_all_1.00            nnz=  11633  EUE= 664,614.8 MWh  DR=2,162,038.5 MWh
  shift_8h_all_0.05            nnz=  17798  EUE= 895,198.5 MWh  DR= 478,284.6 MWh
  shift_8h_all_0.10            nnz=  17711  EUE= 805,398.9 MWh  DR= 908,659.4 MWh
  shift_8h_all_0.20            nnz=  17097  EUE= 679,402.4 MWh  DR=1,629,583.1 MWh
  shift_8h_all_0.30            nnz=  16475  EUE= 601,874.6 MWh  DR=2,184,400.2 MWh
  shift_8h_all_0.40            nnz=  15963  EUE= 554,816.0 MWh  DR=2,603,118.0 MWh
  shift_8h_all_0.50            nnz=  15527  EUE= 526,974.4 MWh  DR=2,918,691.2 MWh
  shift_8h_all_0.60            nnz=  15020  EUE= 510,724.6 MWh  DR=3,162,314.0 MWh
  shift_8h_all_0.70            nnz=  14649  EUE= 501,156.1 MWh  DR=3,357,459.0 MWh
  shift_8h_all_0.80            nnz=  14204  EUE= 495,126.3 MWh  DR=3,519,727.5 MWh
  shift_8h_all_0.90            nnz=  13815  EUE= 490,905.5 MWh  DR=3,653,434.0 MWh
  shift_8h_all_1.00            nnz=  13516  EUE= 487,992.1 MWh  DR=3,759,706.2 MWh
  wrote /kfs2/projects/reedsweto/bfuchs/Demand_Response/neue_diagnostics/cache/nonzero/pjm.csv  (828,835 rows)
  wrote /kfs2/projects/reedsweto/bfuchs/Demand_Response/neue_diagnostics/cache/timeindex/pjm.csv  (131,400 rows)
  wrote /kfs2/projects/reedsweto/bfuchs/Demand_Response/neue_diagnostics/cache/rollups/pjm_region_year.csv  (19,665 rows)
  wrote /kfs2/projects/reedsweto/bfuchs/Demand_Response/neue_diagnostics/cache/rollups/pjm_region.csv  (1,311 rows)
  cross-check vs /summary/eue_mean_mwh: max abs diff = 1.074 MWh (1.07e-06 of the largest case)

=== ercot ===
  TIME WARNING: 672 h (0.51%) where positional weather year != timestamp calendar year -- BENIGN: 96 leap hours are present while weather years are forced to 8760 h, so block boundaries drift ~1 day earlier per leap year. All affected hours are at year boundaries (months [12]). Use `weather_year` to align with ReEDS' positional convention and `calendar_year`/`month` for meteorological framing
  baseline                     nnz=     86  EUE=  10,168.3 MWh  DR=       0.0 MWh
  baseline_with_load_added     nnz=   1023  EUE= 804,376.5 MWh  DR=       0.0 MWh
  shift_4h_all_0.05            nnz=   2572  EUE= 791,645.7 MWh  DR=  86,829.2 MWh
  shift_4h_all_0.10            nnz=   2523  EUE= 779,535.0 MWh  DR= 170,973.8 MWh
  shift_4h_all_0.20            nnz=   2427  EUE= 759,209.9 MWh  DR= 332,805.8 MWh
  shift_4h_all_0.30            nnz=   2384  EUE= 742,846.1 MWh  DR= 486,917.4 MWh
  shift_4h_all_0.40            nnz=   2299  EUE= 729,430.2 MWh  DR= 633,474.3 MWh
  shift_4h_all_0.50            nnz=   2251  EUE= 718,298.8 MWh  DR= 770,004.2 MWh
  shift_4h_all_0.60            nnz=   2187  EUE= 708,980.2 MWh  DR= 897,246.7 MWh
  shift_4h_all_0.70            nnz=   2142  EUE= 701,225.5 MWh  DR=1,015,251.4 MWh
  shift_4h_all_0.80            nnz=   2098  EUE= 695,092.0 MWh  DR=1,122,711.2 MWh
  shift_4h_all_0.90            nnz=   2052  EUE= 689,705.8 MWh  DR=1,220,393.8 MWh
  shift_4h_all_1.00            nnz=   1996  EUE= 684,833.9 MWh  DR=1,309,221.2 MWh
  shift_8h_all_0.05            nnz=   2770  EUE= 788,069.1 MWh  DR= 160,711.0 MWh
  shift_8h_all_0.10            nnz=   2728  EUE= 772,628.6 MWh  DR= 317,898.1 MWh
  shift_8h_all_0.20            nnz=   2660  EUE= 745,655.8 MWh  DR= 624,281.3 MWh
  shift_8h_all_0.30            nnz=   2628  EUE= 722,930.6 MWh  DR= 919,916.9 MWh
  shift_8h_all_0.40            nnz=   2555  EUE= 703,528.2 MWh  DR=1,205,100.8 MWh
  shift_8h_all_0.50            nnz=   2495  EUE= 686,955.2 MWh  DR=1,476,309.4 MWh
  shift_8h_all_0.60            nnz=   2435  EUE= 672,258.2 MWh  DR=1,736,117.5 MWh
  shift_8h_all_0.70            nnz=   2385  EUE= 659,109.9 MWh  DR=1,985,696.0 MWh
  shift_8h_all_0.80            nnz=   2338  EUE= 647,323.1 MWh  DR=2,221,811.2 MWh
  shift_8h_all_0.90            nnz=   2292  EUE= 636,794.2 MWh  DR=2,445,823.2 MWh
  shift_8h_all_1.00            nnz=   2237  EUE= 627,149.6 MWh  DR=2,655,249.8 MWh
  wrote /kfs2/projects/reedsweto/bfuchs/Demand_Response/neue_diagnostics/cache/nonzero/ercot.csv  (53,563 rows)
  wrote /kfs2/projects/reedsweto/bfuchs/Demand_Response/neue_diagnostics/cache/timeindex/ercot.csv  (131,400 rows)
  wrote /kfs2/projects/reedsweto/bfuchs/Demand_Response/neue_diagnostics/cache/rollups/ercot_region_year.csv  (2,520 rows)
  wrote /kfs2/projects/reedsweto/bfuchs/Demand_Response/neue_diagnostics/cache/rollups/ercot_region.csv  (168 rows)
  cross-check vs /summary/eue_mean_mwh: max abs diff = 0.265 MWh (3.29e-07 of the largest case)

==================================================================
>>> scripts/02_extract_features.py    2026-08-05T12:40:34-06:00
==================================================================

=== pjm ===
  base .pras: /projects/reedsweto/ssundar/FY26_largeloads_DR/PJM_PRAS_2032i0_neue1.pras
  high .pras: /projects/reedsweto/ssundar/FY26_largeloads_DR/PJM_PRAS_2032i0_neue1_eer_central.pras
  131400 timesteps x 19 regions
  aggregating generator capacity (high-DC file; fleet is identical)
    generators   26280/131400 ( 20.0%)
    generators   52560/131400 ( 40.0%)
    generators   78840/131400 ( 60.0%)
    generators  105120/131400 ( 80.0%)
    generators  131400/131400 (100.0%)
  aggregating storage
  aggregating transmission
  computing percentile ranks
  wrote /kfs2/projects/reedsweto/bfuchs/Demand_Response/neue_diagnostics/cache/features/pjm.npz  (94.9 MB)
  wrote /kfs2/projects/reedsweto/bfuchs/Demand_Response/neue_diagnostics/outputs/tables/pjm_added_load_summary.csv
region  added_peak_mw  added_min_mw  added_mean_mw  added_load_factor  added_ever_negative  base_peak_mw  high_peak_mw  added_share_of_base_peak
  p100          159.0         119.0          132.7                0.8                False        1225.0        1380.0                       0.1
  p109          181.0         132.0          150.1                0.8                False       15593.0       15741.0                       0.0
  p110           16.0          12.0           13.3                0.8                False        1381.0        1394.0                       0.0
  p111          480.0         353.0          420.6                0.9                False       17797.0       18162.0                       0.0
  p112          464.0         341.0          406.7                0.9                False       17212.0       17565.0                       0.0
  p113          116.0          86.0          102.1                0.9                False        4320.0        4409.0                       0.0
  p114          181.0         133.0          158.5                0.9                False        6706.0        6843.0                       0.0
  p115          329.0         199.0          282.7                0.9                False        7879.0        8126.0                       0.0
  p116           43.0          28.0           37.2                0.9                False        4998.0        5031.0                       0.0
  p117           28.0          18.0           24.1                0.9                False        3237.0        3258.0                       0.0
  p118          749.0         562.0          625.8                0.8                False        5773.0        6503.0                       0.1
  p120           24.0          14.0           20.2                0.8                False         564.0         582.0                       0.0
  p121           83.0          47.0           69.7                0.8                False        1655.0        1713.0                       0.1
  p123          989.0         562.0          826.9                0.8                False       19639.0       20323.0                       0.1
  p124           30.0          22.0           24.7                0.8                False         227.0         256.0                       0.1
  p125            9.0           6.0            7.0                0.8                False        3853.0        3861.0                       0.0
  p126          157.0        -124.0          -24.0               -0.2                 True       25869.0       25962.0                       0.0
   p99         4696.0        3521.0         3922.4                0.8                False       36181.0       40754.0                       0.1
  z122         1433.0         866.0         1231.0                0.9                False       34315.0       35390.0                       0.0
  elapsed 6.5 s

=== ercot ===
  base .pras: /projects/reedsweto/ssundar/FY26_largeloads_DR/ERCOT_PRAS_2032i1_neue1.pras
  high .pras: /projects/reedsweto/ssundar/FY26_largeloads_DR/ERCOT_PRAS_2032i1_neue1_eer_central.pras
  131400 timesteps x 7 regions
  aggregating generator capacity (high-DC file; fleet is identical)
    generators   26280/131400 ( 20.0%)
    generators   52560/131400 ( 40.0%)
    generators   78840/131400 ( 60.0%)
    generators  105120/131400 ( 80.0%)
    generators  131400/131400 (100.0%)
  aggregating storage
  aggregating transmission
  computing percentile ranks
  wrote /kfs2/projects/reedsweto/bfuchs/Demand_Response/neue_diagnostics/cache/features/ercot.npz  (38.1 MB)
  wrote /kfs2/projects/reedsweto/bfuchs/Demand_Response/neue_diagnostics/outputs/tables/ercot_added_load_summary.csv
region  added_peak_mw  added_min_mw  added_mean_mw  added_load_factor  added_ever_negative  base_peak_mw  high_peak_mw  added_share_of_base_peak
   p60           57.0          40.0           49.9                0.9                False         774.0         830.0                       0.1
   p61          144.0         102.0          127.5                0.9                False        1976.0        2119.0                       0.1
   p62          133.0          94.0          117.3                0.9                False        1819.0        1951.0                       0.1
   p63         3549.0        2507.0         3131.4                0.9                False       48551.0       52064.0                       0.1
   p64         1235.0         872.0         1089.8                0.9                False       16896.0       18119.0                       0.1
   p65         1660.0        1173.0         1465.1                0.9                False       22716.0       24360.0                       0.1
   p67         2190.0        1547.0         1932.3                0.9                False       29958.0       32126.0                       0.1
  elapsed 4.1 s

==================================================================
>>> scripts/03_attribute.py    2026-08-05T12:41:04-06:00
==================================================================

=== pjm ===
  reference (high, no DR): baseline_with_load_added
  reference (base, no DR): baseline
  best DR case           : shed_1h_timeseries

  --- a. WHERE (high DC, no DR) ---
region   eue_mwh  region_neue_ppm  share_of_system_eue  share_of_added_load  min_margin_mw
   p99 9.323e+05            255.1               0.9289               0.4652     -2.121e+04
  p124 2.435e+04             1059              0.02426             0.002927           -167
  p113 1.483e+04            45.11              0.01478              0.01211          -1993
  p126 1.272e+04             6.97              0.01267            -0.002846     -1.021e+04
  p118      9798             16.8             0.009762              0.07422          -5132
  p125      3919            15.13             0.003905            0.0008298           -992
  p123      3535            2.351             0.003522              0.09807          -3132
  p111      1848            1.365             0.001842              0.04988          -4606

  --- b. WHEN: does added load change the shape? ---
  (total variation distance; 0 = same shape, higher = redistributed)
   dimension  total_variation_distance
       month                     0.331
  hour_local                     0.456
weather_year                     0.435

  --- c. WHY: conditions during EUE hours ---
            feature  all_hours_mean  event_hours_mean  eue_weighted_mean  top100_hours_mean
        load_pctile             0.5            0.7228             0.9739             0.9841
    net_load_pctile             0.5            0.9692             0.9951             0.9949
      margin_pctile             0.5           0.03075           0.004897           0.005106
           cf_solar          0.2266            0.1024             0.0345            0.03283
            cf_wind          0.4251            0.1603             0.3313             0.3134
          margin_mw            4061             -6961         -1.746e+04         -1.895e+04
      load_added_mw           443.8              1690               3743               3931
    sys_load_pctile             NaN            0.7139             0.9745             0.9871
sys_net_load_pctile             NaN            0.8144             0.9888             0.9936

  --- d. DELTA: amplified vs newly-created failures ---
  base EUE 16,477 MWh -> high EUE 1,003,700 MWh
  51.9% of high-case EUE is in hours that had NO EUE in the base case

  --- e. EVENTS (high DC, no DR) ---
  1604 episodes, median 3 h, max 47 h; 19% involve >1 region
  worst 10 hours hold 10.5% of EUE; 125 hours reach 50%, 627 reach 90%

  eps sensitivity:
 eue_eps  n_events  n_event_hours  total_eue_mwh  median_duration_h  max_duration_h
    0.01      1683           7661      1.004e+06                  3              85
     0.1      1604           7061      1.004e+06                  3              47
       1      1258           5021      1.003e+06                  3              37
      10       739           2334      9.918e+05                  2              29
  figure: /kfs2/projects/reedsweto/bfuchs/Demand_Response/neue_diagnostics/outputs/figures/pjm_where.png
  figure: /kfs2/projects/reedsweto/bfuchs/Demand_Response/neue_diagnostics/outputs/figures/pjm_when.png
  figure: /kfs2/projects/reedsweto/bfuchs/Demand_Response/neue_diagnostics/outputs/figures/pjm_conditions.png
  figure: /kfs2/projects/reedsweto/bfuchs/Demand_Response/neue_diagnostics/outputs/figures/pjm_worst_event.png

=== ercot ===
  reference (high, no DR): baseline_with_load_added
  reference (base, no DR): baseline
  best DR case           : shift_8h_all_1.00

  --- a. WHERE (high DC, no DR) ---
region   eue_mwh  region_neue_ppm  share_of_system_eue  share_of_added_load  min_margin_mw
   p63 4.218e+05            95.56               0.5243               0.3957     -1.487e+04
   p65 1.999e+05            96.79               0.2485               0.1851          -7683
   p64 1.714e+05            111.6               0.2131               0.1377          -5229
   p67 1.133e+04             4.16              0.01409               0.2442          -1374
   p61     5.812          0.03235            7.225e-06              0.01611          -1394
   p62         0                0                    0              0.01482           3027
   p60         0                0                    0             0.006309            468

  --- b. WHEN: does added load change the shape? ---
  (total variation distance; 0 = same shape, higher = redistributed)
   dimension  total_variation_distance
       month                     0.429
  hour_local                     0.624
weather_year                     0.719

  --- c. WHY: conditions during EUE hours ---
            feature  all_hours_mean  event_hours_mean  eue_weighted_mean  top100_hours_mean
        load_pctile             0.5            0.9395              0.951             0.9542
    net_load_pctile             0.5            0.9876             0.9942             0.9967
      margin_pctile             0.5           0.01236           0.005754            0.00332
           cf_solar          0.2992           0.02646            0.02032            0.01427
            cf_wind          0.4222            0.2757             0.1933             0.1747
          margin_mw            6327             -4136              -6553              -7092
      load_added_mw            1130              1904               2076               2131
    sys_load_pctile             NaN            0.9395              0.951             0.9542
sys_net_load_pctile             NaN            0.9912             0.9966             0.9977

  --- d. DELTA: amplified vs newly-created failures ---
  base EUE 10,168 MWh -> high EUE 804,376 MWh
  54.2% of high-case EUE is in hours that had NO EUE in the base case

  --- e. EVENTS (high DC, no DR) ---
  288 episodes, median 2 h, max 30 h; 91% involve >1 region
  worst 10 hours hold 11.5% of EUE; 63 hours reach 50%, 211 reach 90%

  eps sensitivity:
 eue_eps  n_events  n_event_hours  total_eue_mwh  median_duration_h  max_duration_h
    0.01       298           1020      8.044e+05                  2              30
     0.1       288            986      8.044e+05                  2              30
       1       241            851      8.043e+05                  2              29
      10       159            615      8.033e+05                  2              27
  figure: /kfs2/projects/reedsweto/bfuchs/Demand_Response/neue_diagnostics/outputs/figures/ercot_where.png
  figure: /kfs2/projects/reedsweto/bfuchs/Demand_Response/neue_diagnostics/outputs/figures/ercot_when.png
  figure: /kfs2/projects/reedsweto/bfuchs/Demand_Response/neue_diagnostics/outputs/figures/ercot_conditions.png
  figure: /kfs2/projects/reedsweto/bfuchs/Demand_Response/neue_diagnostics/outputs/figures/ercot_worst_event.png

==================================================================
>>> scripts/04_saturation.py    2026-08-05T12:41:14-06:00
==================================================================

=== pjm ===
  shed_16h_all     mode=shed  floor=20.63781  recovers  66.7% of DC penalty  knee(kneedle)=0.3  80%@f=0.4
  shed_1h_timeseries mode=shed  floor=5.96034  recovers  91.6% of DC penalty  knee(kneedle)=nan  80%@f=1.0
  shed_4h_all      mode=shed  floor=53.60663  recovers  10.6% of DC penalty  knee(kneedle)=0.5  80%@f=0.6
  shed_8h_all      mode=shed  floor=24.36686  recovers  60.3% of DC penalty  knee(kneedle)=0.3  80%@f=0.4
  shift_16h_all    mode=shift floor=26.57845  recovers  56.6% of DC penalty  knee(kneedle)=0.3  80%@f=0.4
  shift_4h_all     mode=shift floor=39.62030  recovers  34.4% of DC penalty  knee(kneedle)=0.3  80%@f=0.3
  shift_8h_all     mode=shift floor=29.09111  recovers  52.3% of DC penalty  knee(kneedle)=0.3  80%@f=0.4
  limit diagnosis:
    shed_16h_all     window-limited     EUE-in-window=0.03  dispatch/borrow_MW=65.145  shortfall=0 MWh
    shed_1h_timeseries magnitude-limited  EUE-in-window=1.00  dispatch/borrow_MW=89.306  shortfall=0 MWh
    shed_4h_all      magnitude-limited  EUE-in-window=0.00  dispatch/borrow_MW=10.703  shortfall=14 MWh
    shed_8h_all      magnitude-limited  EUE-in-window=0.02  dispatch/borrow_MW=58.982  shortfall=3 MWh
    shift_16h_all    magnitude-limited  EUE-in-window=1.00  dispatch/borrow_MW=575.980  shortfall=382800 MWh
    shift_4h_all     magnitude-limited  EUE-in-window=1.00  dispatch/borrow_MW=212.653  shortfall=588273 MWh
    shift_8h_all     magnitude-limited  EUE-in-window=1.00  dispatch/borrow_MW=369.795  shortfall=424576 MWh
  figure: /kfs2/projects/reedsweto/bfuchs/Demand_Response/neue_diagnostics/outputs/figures/pjm_saturation.png
  figure: /kfs2/projects/reedsweto/bfuchs/Demand_Response/neue_diagnostics/outputs/figures/pjm_return_per_mw.png
  figure: /kfs2/projects/reedsweto/bfuchs/Demand_Response/neue_diagnostics/outputs/figures/pjm_availability_overlap.png
  figure: /kfs2/projects/reedsweto/bfuchs/Demand_Response/neue_diagnostics/outputs/figures/pjm_case_ranking.png

=== ercot ===
  shift_4h_all     mode=shift floor=61.40247  recovers  15.1% of DC penalty  knee(kneedle)=0.4  80%@f=0.7
  shift_8h_all     mode=shift floor=56.23046  recovers  22.3% of DC penalty  knee(kneedle)=0.4  80%@f=0.7
  limit diagnosis:
    shift_4h_all     magnitude-limited  EUE-in-window=1.00  dispatch/borrow_MW=145.988  shortfall=420560 MWh
    shift_8h_all     magnitude-limited  EUE-in-window=1.00  dispatch/borrow_MW=296.080  shortfall=405033 MWh
  figure: /kfs2/projects/reedsweto/bfuchs/Demand_Response/neue_diagnostics/outputs/figures/ercot_saturation.png
  figure: /kfs2/projects/reedsweto/bfuchs/Demand_Response/neue_diagnostics/outputs/figures/ercot_return_per_mw.png
  figure: /kfs2/projects/reedsweto/bfuchs/Demand_Response/neue_diagnostics/outputs/figures/ercot_availability_overlap.png
  figure: /kfs2/projects/reedsweto/bfuchs/Demand_Response/neue_diagnostics/outputs/figures/ercot_case_ranking.png
wrote /kfs2/projects/reedsweto/bfuchs/Demand_Response/neue_diagnostics/outputs/tables/dr_saturation_curves.csv
wrote /kfs2/projects/reedsweto/bfuchs/Demand_Response/neue_diagnostics/outputs/tables/dr_saturation_summary.csv
wrote /kfs2/projects/reedsweto/bfuchs/Demand_Response/neue_diagnostics/outputs/tables/dr_availability_overlap.csv
wrote /kfs2/projects/reedsweto/bfuchs/Demand_Response/neue_diagnostics/outputs/tables/dr_limit_diagnosis.csv

finished: 2026-08-05T12:41:18-06:00
